// Jest Snapshot v1, https://goo.gl/fbAQLP

exports[`subscriptions rendering 1`] = `
<Fragment>
  <SideBarHeader
    title="subscriptions"
  />
  <Subscription
    broadcasting={true}
    label="MusicChannel"
  />
  <Subscription
    label="Coursea"
    newVideoAmount="10"
  />
  <Subscription
    label="TEDx Talks"
    newVideoAmount="23"
  />
  <Subscription
    label="Stanford iOS"
    newVideoAmount="4"
  />
  <Subscription
    label="Udacity"
    newVideoAmount="114"
  />
  <Divider />
</Fragment>
`;
