// Jest Snapshot v1, https://goo.gl/fbAQLP

exports[`AddComment renders without props 1`] = `
<div
  className="add-comment"
>
  <Image
    as="img"
    circular={true}
    className="user-image"
    src="https://via.placeholder.com/48x48"
    ui={true}
  />
  <Form
    as="form"
  >
    <FormField
      autoHeight={true}
      control={[Function]}
      placeholder="Add a public comment"
    />
  </Form>
</div>
`;
