// Jest Snapshot v1, https://goo.gl/fbAQLP

exports[`Sidebar header rendering 1`] = `
<MenuItem>
  <MenuHeader
    className="sidebar-header"
  />
</MenuItem>
`;
